src/app/patients/[id]/page.tsx(179,25): error TS2339: Property 'date' does not exist on type '{ id: string; }'.
src/app/patients/[id]/page.tsx(180,25): error TS2339: Property 'date' does not exist on type '{ id: string; }'.
src/app/patients/[id]/page.tsx(207,25): error TS2339: Property 'date' does not exist on type '{ id: string; }'.
src/app/patients/[id]/page.tsx(208,25): error TS2339: Property 'date' does not exist on type '{ id: string; }'.
src/components/BirthdayAlerts.tsx(53,23): error TS2339: Property 'birthDate' does not exist on type '{ id: string; }'.
src/components/BirthdayAlerts.tsx(53,44): error TS2339: Property 'birthDate' does not exist on type '{ id: string; }'.
src/components/BirthdayAlerts.tsx(53,76): error TS2339: Property 'birthDate' does not exist on type '{ id: string; }'.
src/components/BirthdayAlerts.tsx(54,23): error TS2339: Property 'birthDate' does not exist on type '{ id: string; }'.
src/components/BirthdayAlerts.tsx(54,44): error TS2339: Property 'birthDate' does not exist on type '{ id: string; }'.
src/components/BirthdayAlerts.tsx(54,76): error TS2339: Property 'birthDate' does not exist on type '{ id: string; }'.
